# typed: false
# frozen_string_literal: true

# This file was generated by GoReleaser. DO NOT EDIT.
class SupportedArchRequirement < Requirement
  fatal true

  satisfy(build_env: false) { self.class.supported_arch? }

  def message
    "Your platform #{self.class.plat} is not supported by this tap. Supported arches: #{self.class.supported_arches.join ', '}."
  end

  def self.supported_arch?
    self.supported_arches.include? self.plat
  end

  def self.supported_arches
    return [:aarch64, :arm, :x86_64] if OS.linux?
    return [:aarch64, :x86_64] if OS.mac?
    []
  end

  def self.plat
    case RUBY_PLATFORM
    when /x86_64/ then :x86_64
    when /arm/ then :arm
    when /aarch64/ then :aarch64
    else :dunno
    end
  end
end

class Test < Formula
  desc "Some desc"
  homepage "https://google.com"
  version "0.1.3"
  license "MIT"
  bottle :unneeded
  depends_on SupportedArchRequirement

  on_macos do
    if Hardware::CPU.intel?
      url "https://github.com/caarlos0/test/releases/download/v0.1.3/test_Darwin_x86_64.tar.gz"
      sha256 "1633f61598ab0791e213135923624eb342196b3494909c91899bcd0560f84c68"
    end
    if Hardware::CPU.arm?
      url "https://github.com/caarlos0/test/releases/download/v0.1.3/test_Darwin_arm64.tar.gz"
      sha256 "1633f61598ab0791e213135923624eb342196b349490sadasdsadsadasdasdsd"
    end
  end

  on_linux do
    if Hardware::CPU.intel?
      url "https://github.com/caarlos0/test/releases/download/v0.1.3/test_Linux_x86_64.tar.gz"
      sha256 "1633f61598ab0791e213135923624eb342196b3494909c91899bcd0560f84c67"
    end
    if Hardware::CPU.arm? && !Hardware::CPU.is_64_bit?
      url "https://github.com/caarlos0/test/releases/download/v0.1.3/test_Arm6.tar.gz"
      sha256 "1633f61598ab0791e213135923624eb342196b3494909c91899bcd0560f84c67"
    end
    if Hardware::CPU.arm? && Hardware::CPU.is_64_bit?
      url "https://github.com/caarlos0/test/releases/download/v0.1.3/test_Arm64.tar.gz"
      sha256 "1633f61598ab0791e213135923624eb342196b3494909c91899bcd0560f84c67"
    end
  end

  devel do
    url "https://github.com/caarlos0/test/releases/download/v0.1.3/test_Darwin_x86_64.tar.gz"
    sha256 "1633f61598ab0791e213135923624eb342196b3494909c91899bcd0560f84c68"
  end

  depends_on "gtk+"

  conflicts_with "svn"

  def install
    custom install script
    another install script
  end

  def post_install
    system "touch", "/tmp/foo"
  end

  def caveats; <<~EOS
    Here are some caveats
  EOS
  end

  plist_options :startup => false

  def plist; <<~EOS
    it works
  EOS
  end

  test do
    system "#{bin}/foo -version"
  end
end
